id,name
1, はじめてのチャンネル
2, 2つ目のチャンネル
3, APIで追加するチャンネル